Test completed
